PHP 8.3.6 (cli) (built: May 25 2026 13:12:06) (NTS)
# dimensions: 120x40 (120x40)
# example: toast
---
[0;38;2;55;65;81;48;2;31;41;55m╭──────────────────────────────────────────────────────────╮
│[0;38;2;0;0;128;48;2;31;41;55mℹ[0;38;2;249;250;251;48;2;31;41;55m Operation completed!                                    [0;38;2;55;65;81;48;2;31;41;55m│
╰──────────────────────────────────────────────────────────╯[0m